Archive member included to satisfy reference by file (symbol)

/Users/amanbm/.p2/pool/plugins/fr.ac6.mcu.externaltools.arm-none.macos64_1.17.0.201812190825/tools/compiler/bin/../lib/gcc/arm-none-eabi/7.3.1/thumb/v7e-m/fpv4-sp/hard/libgcc.a(_aeabi_uldivmod.o)
                              Drivers/STM32F4xx_HAL_Driver/Src/stm32f4xx_hal_rcc.o (__aeabi_uldivmod)
/Users/amanbm/.p2/pool/plugins/fr.ac6.mcu.externaltools.arm-none.macos64_1.17.0.201812190825/tools/compiler/bin/../lib/gcc/arm-none-eabi/7.3.1/thumb/v7e-m/fpv4-sp/hard/libgcc.a(_udivmoddi4.o)
                              /Users/amanbm/.p2/pool/plugins/fr.ac6.mcu.externaltools.arm-none.macos64_1.17.0.201812190825/tools/compiler/bin/../lib/gcc/arm-none-eabi/7.3.1/thumb/v7e-m/fpv4-sp/hard/libgcc.a(_aeabi_uldivmod.o) (__udivmoddi4)
/Users/amanbm/.p2/pool/plugins/fr.ac6.mcu.externaltools.arm-none.macos64_1.17.0.201812190825/tools/compiler/bin/../lib/gcc/arm-none-eabi/7.3.1/thumb/v7e-m/fpv4-sp/hard/libgcc.a(_dvmd_tls.o)
                              /Users/amanbm/.p2/pool/plugins/fr.ac6.mcu.externaltools.arm-none.macos64_1.17.0.201812190825/tools/compiler/bin/../lib/gcc/arm-none-eabi/7.3.1/thumb/v7e-m/fpv4-sp/hard/libgcc.a(_aeabi_uldivmod.o) (__aeabi_ldiv0)
/Users/amanbm/.p2/pool/plugins/fr.ac6.mcu.externaltools.arm-none.macos64_1.17.0.201812190825/tools/compiler/bin/../lib/gcc/arm-none-eabi/7.3.1/../../../../arm-none-eabi/lib/thumb/v7e-m/fpv4-sp/hard/libc_nano.a(lib_a-errno.o)
                              Src/syscalls.o (__errno)
/Users/amanbm/.p2/pool/plugins/fr.ac6.mcu.externaltools.arm-none.macos64_1.17.0.201812190825/tools/compiler/bin/../lib/gcc/arm-none-eabi/7.3.1/../../../../arm-none-eabi/lib/thumb/v7e-m/fpv4-sp/hard/libc_nano.a(lib_a-exit.o)
                              /Users/amanbm/.p2/pool/plugins/fr.ac6.mcu.externaltools.arm-none.macos64_1.17.0.201812190825/tools/compiler/bin/../lib/gcc/arm-none-eabi/7.3.1/../../../../arm-none-eabi/lib/thumb/v7e-m/fpv4-sp/hard/crt0.o (exit)
/Users/amanbm/.p2/pool/plugins/fr.ac6.mcu.externaltools.arm-none.macos64_1.17.0.201812190825/tools/compiler/bin/../lib/gcc/arm-none-eabi/7.3.1/../../../../arm-none-eabi/lib/thumb/v7e-m/fpv4-sp/hard/libc_nano.a(lib_a-impure.o)
                              /Users/amanbm/.p2/pool/plugins/fr.ac6.mcu.externaltools.arm-none.macos64_1.17.0.201812190825/tools/compiler/bin/../lib/gcc/arm-none-eabi/7.3.1/../../../../arm-none-eabi/lib/thumb/v7e-m/fpv4-sp/hard/libc_nano.a(lib_a-exit.o) (_global_impure_ptr)
/Users/amanbm/.p2/pool/plugins/fr.ac6.mcu.externaltools.arm-none.macos64_1.17.0.201812190825/tools/compiler/bin/../lib/gcc/arm-none-eabi/7.3.1/../../../../arm-none-eabi/lib/thumb/v7e-m/fpv4-sp/hard/libc_nano.a(lib_a-init.o)
                              /Users/amanbm/.p2/pool/plugins/fr.ac6.mcu.externaltools.arm-none.macos64_1.17.0.201812190825/tools/compiler/bin/../lib/gcc/arm-none-eabi/7.3.1/../../../../arm-none-eabi/lib/thumb/v7e-m/fpv4-sp/hard/crt0.o (__libc_init_array)
/Users/amanbm/.p2/pool/plugins/fr.ac6.mcu.externaltools.arm-none.macos64_1.17.0.201812190825/tools/compiler/bin/../lib/gcc/arm-none-eabi/7.3.1/../../../../arm-none-eabi/lib/thumb/v7e-m/fpv4-sp/hard/libc_nano.a(lib_a-memcpy-stub.o)
                              Src/MY_NRF24.o (memcpy)
/Users/amanbm/.p2/pool/plugins/fr.ac6.mcu.externaltools.arm-none.macos64_1.17.0.201812190825/tools/compiler/bin/../lib/gcc/arm-none-eabi/7.3.1/../../../../arm-none-eabi/lib/thumb/v7e-m/fpv4-sp/hard/libc_nano.a(lib_a-memset.o)
                              /Users/amanbm/.p2/pool/plugins/fr.ac6.mcu.externaltools.arm-none.macos64_1.17.0.201812190825/tools/compiler/bin/../lib/gcc/arm-none-eabi/7.3.1/../../../../arm-none-eabi/lib/thumb/v7e-m/fpv4-sp/hard/crt0.o (memset)
/Users/amanbm/.p2/pool/plugins/fr.ac6.mcu.externaltools.arm-none.macos64_1.17.0.201812190825/tools/compiler/bin/../lib/gcc/arm-none-eabi/7.3.1/../../../../arm-none-eabi/lib/thumb/v7e-m/fpv4-sp/hard/libc_nano.a(lib_a-sprintf.o)
                              Src/MY_NRF24.o (sprintf)
/Users/amanbm/.p2/pool/plugins/fr.ac6.mcu.externaltools.arm-none.macos64_1.17.0.201812190825/tools/compiler/bin/../lib/gcc/arm-none-eabi/7.3.1/../../../../arm-none-eabi/lib/thumb/v7e-m/fpv4-sp/hard/libc_nano.a(lib_a-strlen.o)
                              Src/MY_NRF24.o (strlen)
/Users/amanbm/.p2/pool/plugins/fr.ac6.mcu.externaltools.arm-none.macos64_1.17.0.201812190825/tools/compiler/bin/../lib/gcc/arm-none-eabi/7.3.1/../../../../arm-none-eabi/lib/thumb/v7e-m/fpv4-sp/hard/libc_nano.a(lib_a-nano-svfprintf.o)
                              /Users/amanbm/.p2/pool/plugins/fr.ac6.mcu.externaltools.arm-none.macos64_1.17.0.201812190825/tools/compiler/bin/../lib/gcc/arm-none-eabi/7.3.1/../../../../arm-none-eabi/lib/thumb/v7e-m/fpv4-sp/hard/libc_nano.a(lib_a-sprintf.o) (_svfprintf_r)
[...]
Memory Configuration

Name             Origin             Length             Attributes
RAM              0x0000000020000000 0x0000000000020000 xrw
FLASH            0x0000000008000000 0x0000000000080000 xr
*default*        0x0000000000000000 0xffffffffffffffff

Linker script and memory map

LOAD /Users/amanbm/.p2/pool/plugins/fr.ac6.mcu.externaltools.arm-none.macos64_1.17.0.201812190825/tools/compiler/bin/../lib/gcc/arm-none-eabi/7.3.1/thumb/v7e-m/fpv4-sp/hard/crti.o
LOAD /Users/amanbm/.p2/pool/plugins/fr.ac6.mcu.externaltools.arm-none.macos64_1.17.0.201812190825/tools/compiler/bin/../lib/gcc/arm-none-eabi/7.3.1/thumb/v7e-m/fpv4-sp/hard/crtbegin.o
LOAD /Users/amanbm/.p2/pool/plugins/fr.ac6.mcu.externaltools.arm-none.macos64_1.17.0.201812190825/tools/compiler/bin/../lib/gcc/arm-none-eabi/7.3.1/../../../../arm-none-eabi/lib/thumb/v7e-m/fpv4-sp/hard/crt0.o
LOAD Drivers/STM32F4xx_HAL_Driver/Src/stm32f4xx_hal.o
LOAD Drivers/STM32F4xx_HAL_Driver/Src/stm32f4xx_hal_cortex.o
LOAD Drivers/STM32F4xx_HAL_Driver/Src/stm32f4xx_hal_dma.o
LOAD Drivers/STM32F4xx_HAL_Driver/Src/stm32f4xx_hal_dma_ex.o
LOAD Drivers/STM32F4xx_HAL_Driver/Src/stm32f4xx_hal_exti.o
LOAD Drivers/STM32F4xx_HAL_Driver/Src/stm32f4xx_hal_flash.o
LOAD Drivers/STM32F4xx_HAL_Driver/Src/stm32f4xx_hal_flash_ex.o
LOAD Drivers/STM32F4xx_HAL_Driver/Src/stm32f4xx_hal_flash_ramfunc.o
LOAD Drivers/STM32F4xx_HAL_Driver/Src/stm32f4xx_hal_gpio.o
LOAD Drivers/STM32F4xx_HAL_Driver/Src/stm32f4xx_hal_pwr.o
LOAD Drivers/STM32F4xx_HAL_Driver/Src/stm32f4xx_hal_pwr_ex.o
LOAD Drivers/STM32F4xx_HAL_Driver/Src/stm32f4xx_hal_rcc.o
LOAD Drivers/STM32F4xx_HAL_Driver/Src/stm32f4xx_hal_rcc_ex.o
LOAD Drivers/STM32F4xx_HAL_Driver/Src/stm32f4xx_hal_spi.o
LOAD Drivers/STM32F4xx_HAL_Driver/Src/stm32f4xx_hal_tim.o
LOAD Drivers/STM32F4xx_HAL_Driver/Src/stm32f4xx_hal_tim_ex.o
LOAD Drivers/STM32F4xx_HAL_Driver/Src/stm32f4xx_hal_uart.o
LOAD Src/MY_NRF24.o
LOAD Src/main.o
LOAD Src/stm32f4xx_hal_msp.o
LOAD Src/stm32f4xx_it.o
LOAD Src/syscalls.o
LOAD Src/system_stm32f4xx.o
LOAD startup/startup_stm32f446xx.o
LOAD /Users/amanbm/.p2/pool/plugins/fr.ac6.mcu.externaltools.arm-none.macos64_1.17.0.201812190825/tools/compiler/bin/../lib/gcc/arm-none-eabi/7.3.1/../../../../arm-none-eabi/lib/thumb/v7e-m/fpv4-sp/hard/libm.a
START GROUP
LOAD /Users/amanbm/.p2/pool/plugins/fr.ac6.mcu.externaltools.arm-none.macos64_1.17.0.201812190825/tools/compiler/bin/../lib/gcc/arm-none-eabi/7.3.1/thumb/v7e-m/fpv4-sp/hard/libgcc.a
LOAD /Users/amanbm/.p2/pool/plugins/fr.ac6.mcu.externaltools.arm-none.macos64_1.17.0.201812190825/tools/compiler/bin/../lib/gcc/arm-none-eabi/7.3.1/../../../../arm-none-eabi/lib/thumb/v7e-m/fpv4-sp/hard/libc_nano.a
END GROUP
START GROUP
LOAD /Users/amanbm/.p2/pool/plugins/fr.ac6.mcu.externaltools.arm-none.macos64_1.17.0.201812190825/tools/compiler/bin/../lib/gcc/arm-none-eabi/7.3.1/thumb/v7e-m/fpv4-sp/hard/libgcc.a
LOAD /Users/amanbm/.p2/pool/plugins/fr.ac6.mcu.externaltools.arm-none.macos64_1.17.0.201812190825/tools/compiler/bin/../lib/gcc/arm-none-eabi/7.3.1/../../../../arm-none-eabi/lib/thumb/v7e-m/fpv4-sp/hard/libc_nano.a
LOAD /Users/amanbm/.p2/pool/plugins/fr.ac6.mcu.externaltools.arm-none.macos64_1.17.0.201812190825/tools/compiler/bin/../lib/gcc/arm-none-eabi/7.3.1/../../../../arm-none-eabi/lib/thumb/v7e-m/fpv4-sp/hard/libnosys.a
END GROUP
START GROUP
LOAD /Users/amanbm/.p2/pool/plugins/fr.ac6.mcu.externaltools.arm-none.macos64_1.17.0.201812190825/tools/compiler/bin/../lib/gcc/arm-none-eabi/7.3.1/thumb/v7e-m/fpv4-sp/hard/libgcc.a
LOAD /Users/amanbm/.p2/pool/plugins/fr.ac6.mcu.externaltools.arm-none.macos64_1.17.0.201812190825/tools/compiler/bin/../lib/gcc/arm-none-eabi/7.3.1/../../../../arm-none-eabi/lib/thumb/v7e-m/fpv4-sp/hard/libc_nano.a
LOAD /Users/amanbm/.p2/pool/plugins/fr.ac6.mcu.externaltools.arm-none.macos64_1.17.0.201812190825/tools/compiler/bin/../lib/gcc/arm-none-eabi/7.3.1/../../../../arm-none-eabi/lib/thumb/v7e-m/fpv4-sp/hard/libnosys.a
END GROUP
LOAD /Users/amanbm/.p2/pool/plugins/fr.ac6.mcu.externaltools.arm-none.macos64_1.17.0.201812190825/tools/compiler/bin/../lib/gcc/arm-none-eabi/7.3.1/thumb/v7e-m/fpv4-sp/hard/crtend.o
LOAD /Users/amanbm/.p2/pool/plugins/fr.ac6.mcu.externaltools.arm-none.macos64_1.17.0.201812190825/tools/compiler/bin/../lib/gcc/arm-none-eabi/7.3.1/thumb/v7e-m/fpv4-sp/hard/crtn.o
                0x0000000020020000                _estack = 0x20020000
                0x0000000000000200                _Min_Heap_Size = 0x200
                0x0000000000000400                _Min_Stack_Size = 0x400

.isr_vector     0x0000000008000000      0x1c4
                0x0000000008000000                . = ALIGN (0x4)
 *(.isr_vector)
 .isr_vector    0x0000000008000000      0x1c4 startup/startup_stm32f446xx.o
                0x0000000008000000                g_pfnVectors
                0x00000000080001c4                . = ALIGN (0x4)

.text           0x00000000080001d0     0x3054
                0x00000000080001d0                . = ALIGN (0x4)
 *(.text)
 .text          0x00000000080001d0       0x40 /Users/amanbm/.p2/pool/plugins/fr.ac6.mcu.externaltools.arm-none.macos64_1.17.0.201812190825/tools/compiler/bin/../lib/gcc/arm-none-eabi/7.3.1/thumb/v7e-m/fpv4-sp/hard/crtbegin.o
 .text          0x0000000008000210       0x30 /Users/amanbm/.p2/pool/plugins/fr.ac6.mcu.externaltools.arm-none.macos64_1.17.0.201812190825/tools/compiler/bin/../lib/gcc/arm-none-eabi/7.3.1/thumb/v7e-m/fpv4-sp/hard/libgcc.a(_aeabi_uldivmod.o)
                0x0000000008000210                __aeabi_uldivmod
 .text          0x0000000008000240      0x2cc /Users/amanbm/.p2/pool/plugins/fr.ac6.mcu.externaltools.arm-none.macos64_1.17.0.201812190825/tools/compiler/bin/../lib/gcc/arm-none-eabi/7.3.1/thumb/v7e-m/fpv4-sp/hard/libgcc.a(_udivmoddi4.o)
                0x0000000008000240                __udivmoddi4
 .text          0x000000000800050c        0x4 /Users/amanbm/.p2/pool/plugins/fr.ac6.mcu.externaltools.arm-none.macos64_1.17.0.201812190825/tools/compiler/bin/../lib/gcc/arm-none-eabi/7.3.1/thumb/v7e-m/fpv4-sp/hard/libgcc.a(_dvmd_tls.o)
                0x000000000800050c                __aeabi_ldiv0
                0x000000000800050c                __aeabi_idiv0
 .text          0x0000000008000510       0x10 /Users/amanbm/.p2/pool/plugins/fr.ac6.mcu.externaltools.arm-none.macos64_1.17.0.201812190825/tools/compiler/bin/../lib/gcc/arm-none-eabi/7.3.1/../../../../arm-none-eabi/lib/thumb/v7e-m/fpv4-sp/hard/libc_nano.a(lib_a-strlen.o)
                0x0000000008000510                strlen
 .text          0x0000000008000520       0xa0 /Users/amanbm/.p2/pool/plugins/fr.ac6.mcu.externaltools.arm-none.macos64_1.17.0.201812190825/tools/compiler/bin/../lib/gcc/arm-none-eabi/7.3.1/../../../../arm-none-eabi/lib/thumb/v7e-m/fpv4-sp/hard/libc_nano.a(lib_a-memchr.o)
                0x0000000008000520                memchr
 *(.text*)
 .text.HAL_InitTick
                0x00000000080005c0       0x48 Drivers/STM32F4xx_HAL_Driver/Src/stm32f4xx_hal.o
                0x00000000080005c0                HAL_InitTick
 .text.HAL_Init
                0x0000000008000608       0x34 Drivers/STM32F4xx_HAL_Driver/Src/stm32f4xx_hal.o
                0x0000000008000608                HAL_Init
 .text.HAL_IncTick
                0x000000000800063c       0x18 Drivers/STM32F4xx_HAL_Driver/Src/stm32f4xx_hal.o
                0x000000000800063c                HAL_IncTick
 .text.HAL_GetTick
                0x0000000008000654        0xc Drivers/STM32F4xx_HAL_Driver/Src/stm32f4xx_hal.o
                0x0000000008000654                HAL_GetTick
 .text.HAL_Delay
                0x0000000008000660       0x28 Drivers/STM32F4xx_HAL_Driver/Src/stm32f4xx_hal.o
                0x0000000008000660                HAL_Delay
 .text.HAL_NVIC_SetPriorityGrouping
                0x0000000008000688       0x24 Drivers/STM32F4xx_HAL_Driver/Src/stm32f4xx_hal_cortex.o
                0x0000000008000688                HAL_NVIC_SetPriorityGrouping
 .text.HAL_NVIC_SetPriority
                0x00000000080006ac       0x68 Drivers/STM32F4xx_HAL_Driver/Src/stm32f4xx_hal_cortex.o
                0x00000000080006ac                HAL_NVIC_SetPriority
 .text.HAL_SYSTICK_Config
                0x0000000008000714       0x2c Drivers/STM32F4xx_HAL_Driver/Src/stm32f4xx_hal_cortex.o
                0x0000000008000714                HAL_SYSTICK_Config
 .text.HAL_GPIO_Init
                0x0000000008000740      0x1bc Drivers/STM32F4xx_HAL_Driver/Src/stm32f4xx_hal_gpio.o
                0x0000000008000740                HAL_GPIO_Init
 .text.HAL_GPIO_WritePin
                0x00000000080008fc        0xc Drivers/STM32F4xx_HAL_Driver/Src/stm32f4xx_hal_gpio.o
                0x00000000080008fc                HAL_GPIO_WritePin
 .text.HAL_RCC_ClockConfig
                0x0000000008000908      0x158 Drivers/STM32F4xx_HAL_Driver/Src/stm32f4xx_hal_rcc.o
                0x0000000008000908                HAL_RCC_ClockConfig
 .text.HAL_RCC_GetHCLKFreq
                0x0000000008000a60        0xc Drivers/STM32F4xx_HAL_Driver/Src/stm32f4xx_hal_rcc.o
                0x0000000008000a60                HAL_RCC_GetHCLKFreq
 .text.HAL_RCC_GetPCLK1Freq
                0x0000000008000a6c       0x20 Drivers/STM32F4xx_HAL_Driver/Src/stm32f4xx_hal_rcc.o
                0x0000000008000a6c                HAL_RCC_GetPCLK1Freq
 .text.HAL_RCC_GetPCLK2Freq
                0x0000000008000a8c       0x20 Drivers/STM32F4xx_HAL_Driver/Src/stm32f4xx_hal_rcc.o
                0x0000000008000a8c                HAL_RCC_GetPCLK2Freq
 .text.HAL_RCC_GetSysClockFreq
                0x0000000008000aac      0x124 Drivers/STM32F4xx_HAL_Driver/Src/stm32f4xx_hal_rcc_ex.o
                0x0000000008000aac                HAL_RCC_GetSysClockFreq
 .text.HAL_RCC_OscConfig
                0x0000000008000bd0      0x3c4 Drivers/STM32F4xx_HAL_Driver/Src/stm32f4xx_hal_rcc_ex.o
                0x0000000008000bd0                HAL_RCC_OscConfig
 .text.SPI_WaitFlagStateUntilTimeout
                0x0000000008000f94       0x90 Drivers/STM32F4xx_HAL_Driver/Src/stm32f4xx_hal_spi.o
 .text.SPI_EndRxTxTransaction
                0x0000000008001024       0x68 Drivers/STM32F4xx_HAL_Driver/Src/stm32f4xx_hal_spi.o
 .text.SPI_EndRxTransaction
                0x000000000800108c       0x98 Drivers/STM32F4xx_HAL_Driver/Src/stm32f4xx_hal_spi.o
 .text.HAL_SPI_Init
                0x0000000008001124       0x80 Drivers/STM32F4xx_HAL_Driver/Src/stm32f4xx_hal_spi.o
                0x0000000008001124                HAL_SPI_Init
 .text.HAL_SPI_Transmit
                0x00000000080011a4      0x19a Drivers/STM32F4xx_HAL_Driver/Src/stm32f4xx_hal_spi.o
                0x00000000080011a4                HAL_SPI_Transmit
 .text.HAL_SPI_TransmitReceive
                0x000000000800133e      0x22e Drivers/STM32F4xx_HAL_Driver/Src/stm32f4xx_hal_spi.o
                0x000000000800133e                HAL_SPI_TransmitReceive
 .text.HAL_SPI_Receive
                0x000000000800156c      0x162 Drivers/STM32F4xx_HAL_Driver/Src/stm32f4xx_hal_spi.o
                0x000000000800156c                HAL_SPI_Receive
 *fill*         0x00000000080016ce        0x2 
 .text.UART_SetConfig
                0x00000000080016d0      0x334 Drivers/STM32F4xx_HAL_Driver/Src/stm32f4xx_hal_uart.o
 .text.UART_WaitOnFlagUntilTimeout
                0x0000000008001a04       0x62 Drivers/STM32F4xx_HAL_Driver/Src/stm32f4xx_hal_uart.o
 .text.HAL_UART_Init
                0x0000000008001a66       0x5e Drivers/STM32F4xx_HAL_Driver/Src/stm32f4xx_hal_uart.o
                0x0000000008001a66                HAL_UART_Init
 .text.HAL_UART_Transmit
                0x0000000008001ac4       0xe0 Drivers/STM32F4xx_HAL_Driver/Src/stm32f4xx_hal_uart.o
                0x0000000008001ac4                HAL_UART_Transmit
 .text.NRF24_csn
                0x0000000008001ba4       0x24 Src/MY_NRF24.o
                0x0000000008001ba4                NRF24_csn
 .text.NRF24_ce
                0x0000000008001bc8       0x24 Src/MY_NRF24.o
                0x0000000008001bc8                NRF24_ce
 .text.NRF24_read_register
                0x0000000008001bec       0x44 Src/MY_NRF24.o
                0x0000000008001bec                NRF24_read_register
 .text.NRF24_read_registerN
                0x0000000008001c30       0x40 Src/MY_NRF24.o
                0x0000000008001c30                NRF24_read_registerN
 .text.NRF24_write_register
                0x0000000008001c70       0x34 Src/MY_NRF24.o
                0x0000000008001c70                NRF24_write_register
 .text.NRF24_write_registerN
                0x0000000008001ca4       0x40 Src/MY_NRF24.o
                0x0000000008001ca4                NRF24_write_registerN
 .text.NRF24_flush_tx
                0x0000000008001ce4        0xc Src/MY_NRF24.o
                0x0000000008001ce4                NRF24_flush_tx
 .text.NRF24_flush_rx
                0x0000000008001cf0        0xc Src/MY_NRF24.o
                0x0000000008001cf0                NRF24_flush_rx
 .text.NRF24_setRetries
                0x0000000008001cfc       0x14 Src/MY_NRF24.o
                0x0000000008001cfc                NRF24_setRetries
 .text.NRF24_setChannel
                0x0000000008001d10       0x12 Src/MY_NRF24.o
                0x0000000008001d10                NRF24_setChannel
 *fill*         0x0000000008001d22        0x2 
 .text.NRF24_setPayloadSize
                0x0000000008001d24       0x14 Src/MY_NRF24.o
                0x0000000008001d24                NRF24_setPayloadSize
 .text.NRF24_disableDynamicPayloads
                0x0000000008001d38       0x1c Src/MY_NRF24.o
                0x0000000008001d38                NRF24_disableDynamicPayloads
 .text.NRF24_setPALevel
                0x0000000008001d54       0x3e Src/MY_NRF24.o
                0x0000000008001d54                NRF24_setPALevel
 .text.NRF24_setDataRate
                0x0000000008001d92       0x3c Src/MY_NRF24.o
                0x0000000008001d92                NRF24_setDataRate
 .text.NRF24_setCRCLength
                0x0000000008001dce       0x26 Src/MY_NRF24.o
                0x0000000008001dce                NRF24_setCRCLength
 .text.NRF24_powerDown
                0x0000000008001df4       0x14 Src/MY_NRF24.o
                0x0000000008001df4                NRF24_powerDown
 .text.NRF24_resetStatus
                0x0000000008001e08        0xc Src/MY_NRF24.o
                0x0000000008001e08                NRF24_resetStatus
 .text.NRF24_ACTIVATE_cmd
                0x0000000008001e14       0x34 Src/MY_NRF24.o
                0x0000000008001e14                NRF24_ACTIVATE_cmd
 .text.printRadioSettings
                0x0000000008001e48      0x5e0 Src/MY_NRF24.o
                0x0000000008001e48                printRadioSettings
 .text.NRF24_begin
                0x0000000008002428      0x198 Src/MY_NRF24.o
                0x0000000008002428                NRF24_begin
 .text.MX_GPIO_Init
                0x00000000080025c0       0x94 Src/main.o
 .text.MX_SPI1_Init
                0x0000000008002654       0x38 Src/main.o
 .text.MX_USART2_UART_Init
                0x000000000800268c       0x2c Src/main.o
 .text.SystemClock_Config
                0x00000000080026b8       0x94 Src/main.o
                0x00000000080026b8                SystemClock_Config
 .text.main     0x000000000800274c       0x3c Src/main.o
                0x000000000800274c                main
 .text.HAL_MspInit
                0x0000000008002788       0x38 Src/stm32f4xx_hal_msp.o
                0x0000000008002788                HAL_MspInit
 .text.HAL_SPI_MspInit
                0x00000000080027c0       0x70 Src/stm32f4xx_hal_msp.o
                0x00000000080027c0                HAL_SPI_MspInit
 .text.HAL_UART_MspInit
                0x0000000008002830       0x74 Src/stm32f4xx_hal_msp.o
                0x0000000008002830                HAL_UART_MspInit
 .text.NMI_Handler
                0x00000000080028a4        0x2 Src/stm32f4xx_it.o
                0x00000000080028a4                NMI_Handler
 .text.HardFault_Handler
                0x00000000080028a6        0x2 Src/stm32f4xx_it.o
                0x00000000080028a6                HardFault_Handler
 .text.MemManage_Handler
                0x00000000080028a8        0x2 Src/stm32f4xx_it.o
                0x00000000080028a8                MemManage_Handler
 .text.BusFault_Handler
                0x00000000080028aa        0x2 Src/stm32f4xx_it.o
                0x00000000080028aa                BusFault_Handler
 .text.UsageFault_Handler
                0x00000000080028ac        0x2 Src/stm32f4xx_it.o
                0x00000000080028ac                UsageFault_Handler
 .text.SVC_Handler
                0x00000000080028ae        0x2 Src/stm32f4xx_it.o
                0x00000000080028ae                SVC_Handler
 .text.DebugMon_Handler
                0x00000000080028b0        0x2 Src/stm32f4xx_it.o
                0x00000000080028b0                DebugMon_Handler
 .text.PendSV_Handler
                0x00000000080028b2        0x2 Src/stm32f4xx_it.o
                0x00000000080028b2                PendSV_Handler
 .text.SysTick_Handler
                0x00000000080028b4        0x8 Src/stm32f4xx_it.o
                0x00000000080028b4                SysTick_Handler
 .text._sbrk    0x00000000080028bc       0x3c Src/syscalls.o
                0x00000000080028bc                _sbrk
 .text.SystemInit
                0x00000000080028f8       0x4c Src/system_stm32f4xx.o
                0x00000000080028f8                SystemInit
 .text.Reset_Handler
                0x0000000008002944       0x50 startup/startup_stm32f446xx.o
                0x0000000008002944                Reset_Handler
 .text.Default_Handler
                0x0000000008002994        0x2 startup/startup_stm32f446xx.o
                0x0000000008002994                DMA1_Stream3_IRQHandler
                0x0000000008002994                EXTI2_IRQHandler
                0x0000000008002994                TIM8_CC_IRQHandler
                0x0000000008002994                FMPI2C1_EV_IRQHandler
                0x0000000008002994                SPI4_IRQHandler
                0x0000000008002994                TIM1_CC_IRQHandler
                0x0000000008002994                DMA2_Stream5_IRQHandler
                0x0000000008002994                DMA1_Stream5_IRQHandler
                0x0000000008002994                PVD_IRQHandler
                0x0000000008002994                SDIO_IRQHandler
                0x0000000008002994                TAMP_STAMP_IRQHandler
                0x0000000008002994                CAN2_RX1_IRQHandler
                0x0000000008002994                EXTI3_IRQHandler
                0x0000000008002994                TIM8_TRG_COM_TIM14_IRQHandler
                0x0000000008002994                TIM1_UP_TIM10_IRQHandler
                0x0000000008002994                TIM8_UP_TIM13_IRQHandler
                0x0000000008002994                I2C3_ER_IRQHandler
                0x0000000008002994                EXTI0_IRQHandler
                0x0000000008002994                I2C2_EV_IRQHandler
                0x0000000008002994                DMA1_Stream2_IRQHandler
                0x0000000008002994                CAN1_RX0_IRQHandler
                0x0000000008002994                FPU_IRQHandler
                0x0000000008002994                OTG_HS_WKUP_IRQHandler
                0x0000000008002994                CAN2_SCE_IRQHandler
                0x0000000008002994                DMA2_Stream2_IRQHandler
                0x0000000008002994                SPI1_IRQHandler
                0x0000000008002994                TIM6_DAC_IRQHandler
                0x0000000008002994                TIM1_BRK_TIM9_IRQHandler
                0x0000000008002994                DCMI_IRQHandler
                0x0000000008002994                CAN2_RX0_IRQHandler
                0x0000000008002994                DMA2_Stream3_IRQHandler
                0x0000000008002994                SAI2_IRQHandler
                0x0000000008002994                USART6_IRQHandler
                0x0000000008002994                USART3_IRQHandler
                0x0000000008002994                CAN1_RX1_IRQHandler
                0x0000000008002994                UART5_IRQHandler
                0x0000000008002994                DMA2_Stream0_IRQHandler
                0x0000000008002994                TIM4_IRQHandler
                0x0000000008002994                QUADSPI_IRQHandler
                0x0000000008002994                I2C1_EV_IRQHandler
                0x0000000008002994                DMA1_Stream6_IRQHandler
                0x0000000008002994                DMA1_Stream1_IRQHandler
                0x0000000008002994                UART4_IRQHandler
                0x0000000008002994                TIM3_IRQHandler
                0x0000000008002994                RCC_IRQHandler
                0x0000000008002994                TIM8_BRK_TIM12_IRQHandler
                0x0000000008002994                Default_Handler
                0x0000000008002994                CEC_IRQHandler
                0x0000000008002994                EXTI15_10_IRQHandler
                0x0000000008002994                ADC_IRQHandler
                0x0000000008002994                DMA1_Stream7_IRQHandler
                0x0000000008002994                TIM7_IRQHandler
                0x0000000008002994                CAN2_TX_IRQHandler
                0x0000000008002994                TIM5_IRQHandler
                0x0000000008002994                DMA2_Stream7_IRQHandler
                0x0000000008002994                I2C3_EV_IRQHandler
                0x0000000008002994                EXTI9_5_IRQHandler
                0x0000000008002994                RTC_WKUP_IRQHandler
                0x0000000008002994                SPDIF_RX_IRQHandler
                0x0000000008002994                SPI2_IRQHandler
                0x0000000008002994                OTG_HS_EP1_IN_IRQHandler
                0x0000000008002994                DMA1_Stream0_IRQHandler
                0x0000000008002994                CAN1_TX_IRQHandler
                0x0000000008002994                FMPI2C1_ER_IRQHandler
                0x0000000008002994                EXTI4_IRQHandler
                0x0000000008002994                OTG_HS_EP1_OUT_IRQHandler
                0x0000000008002994                WWDG_IRQHandler
                0x0000000008002994                TIM2_IRQHandler
                0x0000000008002994                OTG_FS_WKUP_IRQHandler
                0x0000000008002994                TIM1_TRG_COM_TIM11_IRQHandler
                0x0000000008002994                OTG_HS_IRQHandler
                0x0000000008002994                EXTI1_IRQHandler
                0x0000000008002994                USART2_IRQHandler
                0x0000000008002994                I2C2_ER_IRQHandler
                0x0000000008002994                DMA2_Stream1_IRQHandler
                0x0000000008002994                CAN1_SCE_IRQHandler
                0x0000000008002994                FLASH_IRQHandler
                0x0000000008002994                DMA2_Stream4_IRQHandler
                0x0000000008002994                USART1_IRQHandler
                0x0000000008002994                OTG_FS_IRQHandler
                0x0000000008002994                SPI3_IRQHandler
                0x0000000008002994                DMA1_Stream4_IRQHandler
                0x0000000008002994                I2C1_ER_IRQHandler
                0x0000000008002994                FMC_IRQHandler
                0x0000000008002994                DMA2_Stream6_IRQHandler
                0x0000000008002994                SAI1_IRQHandler
                0x0000000008002994                RTC_Alarm_IRQHandler
 *fill*         0x0000000008002996        0x2 
 .text.__errno  0x0000000008002998        0xc /Users/amanbm/.p2/pool/plugins/fr.ac6.mcu.externaltools.arm-none.macos64_1.17.0.201812190825/tools/compiler/bin/../lib/gcc/arm-none-eabi/7.3.1/../../../../arm-none-eabi/lib/thumb/v7e-m/fpv4-sp/hard/libc_nano.a(lib_a-errno.o)
                0x0000000008002998                __errno
 .text.__libc_init_array
                0x00000000080029a4       0x48 /Users/amanbm/.p2/pool/plugins/fr.ac6.mcu.externaltools.arm-none.macos64_1.17.0.201812190825/tools/compiler/bin/../lib/gcc/arm-none-eabi/7.3.1/../../../../arm-none-eabi/lib/thumb/v7e-m/fpv4-sp/hard/libc_nano.a(lib_a-init.o)
                0x00000000080029a4                __libc_init_array
 .text.memcpy   0x00000000080029ec       0x16 /Users/amanbm/.p2/pool/plugins/fr.ac6.mcu.externaltools.arm-none.macos64_1.17.0.201812190825/tools/compiler/bin/../lib/gcc/arm-none-eabi/7.3.1/../../../../arm-none-eabi/lib/thumb/v7e-m/fpv4-sp/hard/libc_nano.a(lib_a-memcpy-stub.o)
                0x00000000080029ec                memcpy
 .text.memset   0x0000000008002a02       0x10 /Users/amanbm/.p2/pool/plugins/fr.ac6.mcu.externaltools.arm-none.macos64_1.17.0.201812190825/tools/compiler/bin/../lib/gcc/arm-none-eabi/7.3.1/../../../../arm-none-eabi/lib/thumb/v7e-m/fpv4-sp/hard/libc_nano.a(lib_a-memset.o)
                0x0000000008002a02                memset
 *fill*         0x0000000008002a12        0x2 
 .text.sprintf  0x0000000008002a14       0x40 /Users/amanbm/.p2/pool/plugins/fr.ac6.mcu.externaltools.arm-none.macos64_1.17.0.201812190825/tools/compiler/bin/../lib/gcc/arm-none-eabi/7.3.1/../../../../arm-none-eabi/lib/thumb/v7e-m/fpv4-sp/hard/libc_nano.a(lib_a-sprintf.o)
                0x0000000008002a14                sprintf
                0x0000000008002a14                siprintf
 .text.__ssputs_r
                0x0000000008002a54       0xb4 /Users/amanbm/.p2/pool/plugins/fr.ac6.mcu.externaltools.arm-none.macos64_1.17.0.201812190825/tools/compiler/bin/../lib/gcc/arm-none-eabi/7.3.1/../../../../arm-none-eabi/lib/thumb/v7e-m/fpv4-sp/hard/libc_nano.a(lib_a-nano-svfprintf.o)
                0x0000000008002a54                __ssputs_r
 .text._svfprintf_r
                0x0000000008002b08      0x1f0 /Users/amanbm/.p2/pool/plugins/fr.ac6.mcu.externaltools.arm-none.macos64_1.17.0.201812190825/tools/compiler/bin/../lib/gcc/arm-none-eabi/7.3.1/../../../../arm-none-eabi/lib/thumb/v7e-m/fpv4-sp/hard/libc_nano.a(lib_a-nano-svfprintf.o)
                0x0000000008002b08                _svfprintf_r
                0x0000000008002b08                _svfiprintf_r
 .text._printf_common
                0x0000000008002cf8       0xea /Users/amanbm/.p2/pool/plugins/fr.ac6.mcu.externaltools.arm-none.macos64_1.17.0.201812190825/tools/compiler/bin/../lib/gcc/arm-none-eabi/7.3.1/../../../../arm-none-eabi/lib/thumb/v7e-m/fpv4-sp/hard/libc_nano.a(lib_a-nano-vfprintf_i.o)
                0x0000000008002cf8                _printf_common
 *fill*         0x0000000008002de2        0x2 
 .text._printf_i
                0x0000000008002de4      0x224 /Users/amanbm/.p2/pool/plugins/fr.ac6.mcu.externaltools.arm-none.macos64_1.17.0.201812190825/tools/compiler/bin/../lib/gcc/arm-none-eabi/7.3.1/../../../../arm-none-eabi/lib/thumb/v7e-m/fpv4-sp/hard/libc_nano.a(lib_a-nano-vfprintf_i.o)
                0x0000000008002de4                _printf_i
 .text.memmove  0x0000000008003008       0x32 /Users/amanbm/.p2/pool/plugins/fr.ac6.mcu.externaltools.arm-none.macos64_1.17.0.201812190825/tools/compiler/bin/../lib/gcc/arm-none-eabi/7.3.1/../../../../arm-none-eabi/lib/thumb/v7e-m/fpv4-sp/hard/libc_nano.a(lib_a-memmove.o)
                0x0000000008003008                memmove
 *fill*         0x000000000800303a        0x2 
 .text._free_r  0x000000000800303c       0x9c /Users/amanbm/.p2/pool/plugins/fr.ac6.mcu.externaltools.arm-none.macos64_1.17.0.201812190825/tools/compiler/bin/../lib/gcc/arm-none-eabi/7.3.1/../../../../arm-none-eabi/lib/thumb/v7e-m/fpv4-sp/hard/libc_nano.a(lib_a-nano-freer.o)
                0x000000000800303c                _free_r
 .text._malloc_r
                0x00000000080030d8       0xb4 /Users/amanbm/.p2/pool/plugins/fr.ac6.mcu.externaltools.arm-none.macos64_1.17.0.201812190825/tools/compiler/bin/../lib/gcc/arm-none-eabi/7.3.1/../../../../arm-none-eabi/lib/thumb/v7e-m/fpv4-sp/hard/libc_nano.a(lib_a-nano-mallocr.o)
                0x00000000080030d8                _malloc_r
 .text._realloc_r
                0x000000000800318c       0x4c /Users/amanbm/.p2/pool/plugins/fr.ac6.mcu.externaltools.arm-none.macos64_1.17.0.201812190825/tools/compiler/bin/../lib/gcc/arm-none-eabi/7.3.1/../../../../arm-none-eabi/lib/thumb/v7e-m/fpv4-sp/hard/libc_nano.a(lib_a-nano-reallocr.o)
                0x000000000800318c                _realloc_r
 .text._sbrk_r  0x00000000080031d8       0x20 /Users/amanbm/.p2/pool/plugins/fr.ac6.mcu.externaltools.arm-none.macos64_1.17.0.201812190825/tools/compiler/bin/../lib/gcc/arm-none-eabi/7.3.1/../../../../arm-none-eabi/lib/thumb/v7e-m/fpv4-sp/hard/libc_nano.a(lib_a-sbrkr.o)
                0x00000000080031d8                _sbrk_r
 .text.__malloc_lock
                0x00000000080031f8        0x2 /Users/amanbm/.p2/pool/plugins/fr.ac6.mcu.externaltools.arm-none.macos64_1.17.0.201812190825/tools/compiler/bin/../lib/gcc/arm-none-eabi/7.3.1/../../../../arm-none-eabi/lib/thumb/v7e-m/fpv4-sp/hard/libc_nano.a(lib_a-mlock.o)
                0x00000000080031f8                __malloc_lock
 .text.__malloc_unlock
                0x00000000080031fa        0x2 /Users/amanbm/.p2/pool/plugins/fr.ac6.mcu.externaltools.arm-none.macos64_1.17.0.201812190825/tools/compiler/bin/../lib/gcc/arm-none-eabi/7.3.1/../../../../arm-none-eabi/lib/thumb/v7e-m/fpv4-sp/hard/libc_nano.a(lib_a-mlock.o)
                0x00000000080031fa                __malloc_unlock
 .text._malloc_usable_size_r
                0x00000000080031fc       0x10 /Users/amanbm/.p2/pool/plugins/fr.ac6.mcu.externaltools.arm-none.macos64_1.17.0.201812190825/tools/compiler/bin/../lib/gcc/arm-none-eabi/7.3.1/../../../../arm-none-eabi/lib/thumb/v7e-m/fpv4-sp/hard/libc_nano.a(lib_a-nano-msizer.o)
                0x00000000080031fc                _malloc_usable_size_r
 *(.glue_7)
 .glue_7        0x000000000800320c        0x0 linker stubs
 *(.glue_7t)
 .glue_7t       0x000000000800320c        0x0 linker stubs
 *(.eh_frame)
 .eh_frame      0x000000000800320c        0x0 /Users/amanbm/.p2/pool/plugins/fr.ac6.mcu.externaltools.arm-none.macos64_1.17.0.201812190825/tools/compiler/bin/../lib/gcc/arm-none-eabi/7.3.1/thumb/v7e-m/fpv4-sp/hard/crtbegin.o
 *(.init)
 .init          0x000000000800320c        0x4 /Users/amanbm/.p2/pool/plugins/fr.ac6.mcu.externaltools.arm-none.macos64_1.17.0.201812190825/tools/compiler/bin/../lib/gcc/arm-none-eabi/7.3.1/thumb/v7e-m/fpv4-sp/hard/crti.o
                0x000000000800320c                _init
 .init          0x0000000008003210        0x8 /Users/amanbm/.p2/pool/plugins/fr.ac6.mcu.externaltools.arm-none.macos64_1.17.0.201812190825/tools/compiler/bin/../lib/gcc/arm-none-eabi/7.3.1/thumb/v7e-m/fpv4-sp/hard/crtn.o
 *(.fini)
 .fini          0x0000000008003218        0x4 /Users/amanbm/.p2/pool/plugins/fr.ac6.mcu.externaltools.arm-none.macos64_1.17.0.201812190825/tools/compiler/bin/../lib/gcc/arm-none-eabi/7.3.1/thumb/v7e-m/fpv4-sp/hard/crti.o
                0x0000000008003218                _fini
 .fini          0x000000000800321c        0x8 /Users/amanbm/.p2/pool/plugins/fr.ac6.mcu.externaltools.arm-none.macos64_1.17.0.201812190825/tools/compiler/bin/../lib/gcc/arm-none-eabi/7.3.1/thumb/v7e-m/fpv4-sp/hard/crtn.o
                0x0000000008003224                . = ALIGN (0x4)
                0x0000000008003224                _etext = .

.vfp11_veneer   0x0000000008003224        0x0
 .vfp11_veneer  0x0000000008003224        0x0 linker stubs

.v4_bx          0x0000000008003224        0x0
 .v4_bx         0x0000000008003224        0x0 linker stubs

.iplt           0x0000000008003224        0x0
 .iplt          0x0000000008003224        0x0 /Users/amanbm/.p2/pool/plugins/fr.ac6.mcu.externaltools.arm-none.macos64_1.17.0.201812190825/tools/compiler/bin/../lib/gcc/arm-none-eabi/7.3.1/thumb/v7e-m/fpv4-sp/hard/crtbegin.o

.rodata         0x0000000008003224      0x590
                0x0000000008003224                . = ALIGN (0x4)
 *(.rodata)
 .rodata        0x0000000008003224       0x18 Src/system_stm32f4xx.o
                0x0000000008003224                AHBPrescTable
                0x0000000008003234                APBPrescTable
 *(.rodata*)
 .rodata.str1.4
                0x000000000800323c      0x544 Src/MY_NRF24.o
                                        0x541 (size before relaxing)
 .rodata._svfprintf_r.str1.1
                0x0000000008003780       0x11 /Users/amanbm/.p2/pool/plugins/fr.ac6.mcu.externaltools.arm-none.macos64_1.17.0.201812190825/tools/compiler/bin/../lib/gcc/arm-none-eabi/7.3.1/../../../../arm-none-eabi/lib/thumb/v7e-m/fpv4-sp/hard/libc_nano.a(lib_a-nano-svfprintf.o)
 .rodata._printf_i.str1.1
                0x0000000008003791       0x22 /Users/amanbm/.p2/pool/plugins/fr.ac6.mcu.externaltools.arm-none.macos64_1.17.0.201812190825/tools/compiler/bin/../lib/gcc/arm-none-eabi/7.3.1/../../../../arm-none-eabi/lib/thumb/v7e-m/fpv4-sp/hard/libc_nano.a(lib_a-nano-vfprintf_i.o)
                0x00000000080037b4                . = ALIGN (0x4)
 *fill*         0x00000000080037b3        0x1 

.ARM.extab
 *(.ARM.extab* .gnu.linkonce.armextab.*)

.ARM            0x00000000080037b4        0x8
                0x00000000080037b4                __exidx_start = .
 *(.ARM.exidx*)
 .ARM.exidx     0x00000000080037b4        0x8 /Users/amanbm/.p2/pool/plugins/fr.ac6.mcu.externaltools.arm-none.macos64_1.17.0.201812190825/tools/compiler/bin/../lib/gcc/arm-none-eabi/7.3.1/thumb/v7e-m/fpv4-sp/hard/libgcc.a(_udivmoddi4.o)
                0x00000000080037bc                __exidx_end = .

.rel.dyn        0x00000000080037bc        0x0
 .rel.iplt      0x00000000080037bc        0x0 /Users/amanbm/.p2/pool/plugins/fr.ac6.mcu.externaltools.arm-none.macos64_1.17.0.201812190825/tools/compiler/bin/../lib/gcc/arm-none-eabi/7.3.1/thumb/v7e-m/fpv4-sp/hard/crtbegin.o

.preinit_array  0x00000000080037bc        0x0
                0x00000000080037bc                PROVIDE (__preinit_array_start = .)
 *(.preinit_array*)
                0x00000000080037bc                PROVIDE (__preinit_array_end = .)

.init_array     0x00000000080037bc        0x4
                0x00000000080037bc                PROVIDE (__init_array_start = .)
 *(SORT_BY_NAME(.init_array.*))
 *(.init_array*)
 .init_array    0x00000000080037bc        0x4 /Users/amanbm/.p2/pool/plugins/fr.ac6.mcu.externaltools.arm-none.macos64_1.17.0.201812190825/tools/compiler/bin/../lib/gcc/arm-none-eabi/7.3.1/thumb/v7e-m/fpv4-sp/hard/crtbegin.o
                0x00000000080037c0                PROVIDE (__init_array_end = .)

.fini_array     0x00000000080037c0        0x4
                [!provide]                        PROVIDE (__fini_array_start = .)
 *(SORT_BY_NAME(.fini_array.*))
 *(.fini_array*)
 .fini_array    0x00000000080037c0        0x4 /Users/amanbm/.p2/pool/plugins/fr.ac6.mcu.externaltools.arm-none.macos64_1.17.0.201812190825/tools/compiler/bin/../lib/gcc/arm-none-eabi/7.3.1/thumb/v7e-m/fpv4-sp/hard/crtbegin.o
                [!provide]                        PROVIDE (__fini_array_end = .)
                0x00000000080037c4                _sidata = LOADADDR (.data)

.data           0x0000000020000000       0x70 load address 0x00000000080037c4
                0x0000000020000000                . = ALIGN (0x4)
                0x0000000020000000                _sdata = .
 *(.data)
 .data          0x0000000020000000        0x8 Drivers/STM32F4xx_HAL_Driver/Src/stm32f4xx_hal.o
                0x0000000020000000                uwTickFreq
                0x0000000020000004                uwTickPrio
 .data          0x0000000020000008        0x4 Src/system_stm32f4xx.o
                0x0000000020000008                SystemCoreClock
 *(.data*)
 .data._impure_ptr
                0x000000002000000c        0x4 /Users/amanbm/.p2/pool/plugins/fr.ac6.mcu.externaltools.arm-none.macos64_1.17.0.201812190825/tools/compiler/bin/../lib/gcc/arm-none-eabi/7.3.1/../../../../arm-none-eabi/lib/thumb/v7e-m/fpv4-sp/hard/libc_nano.a(lib_a-impure.o)
                0x000000002000000c                _impure_ptr
 .data.impure_data
                0x0000000020000010       0x60 /Users/amanbm/.p2/pool/plugins/fr.ac6.mcu.externaltools.arm-none.macos64_1.17.0.201812190825/tools/compiler/bin/../lib/gcc/arm-none-eabi/7.3.1/../../../../arm-none-eabi/lib/thumb/v7e-m/fpv4-sp/hard/libc_nano.a(lib_a-impure.o)
                0x0000000020000070                . = ALIGN (0x4)
                0x0000000020000070                _edata = .

.igot.plt       0x0000000020000070        0x0 load address 0x0000000008003834
 .igot.plt      0x0000000020000070        0x0 /Users/amanbm/.p2/pool/plugins/fr.ac6.mcu.externaltools.arm-none.macos64_1.17.0.201812190825/tools/compiler/bin/../lib/gcc/arm-none-eabi/7.3.1/thumb/v7e-m/fpv4-sp/hard/crtbegin.o
                0x0000000020000070                . = ALIGN (0x4)

.bss            0x0000000020000070      0x184 load address 0x0000000008003834
                0x0000000020000070                _sbss = .
                0x0000000020000070                __bss_start__ = _sbss
 *(.bss)
 .bss           0x0000000020000070       0x1c /Users/amanbm/.p2/pool/plugins/fr.ac6.mcu.externaltools.arm-none.macos64_1.17.0.201812190825/tools/compiler/bin/../lib/gcc/arm-none-eabi/7.3.1/thumb/v7e-m/fpv4-sp/hard/crtbegin.o
 *fill*         0x000000002000008c        0x4 
 .bss           0x0000000020000090       0xb4 Src/MY_NRF24.o
 .bss           0x0000000020000144        0x8 Src/syscalls.o
                0x0000000020000148                __env
 *(.bss*)
 .bss.__malloc_free_list
                0x000000002000014c        0x4 /Users/amanbm/.p2/pool/plugins/fr.ac6.mcu.externaltools.arm-none.macos64_1.17.0.201812190825/tools/compiler/bin/../lib/gcc/arm-none-eabi/7.3.1/../../../../arm-none-eabi/lib/thumb/v7e-m/fpv4-sp/hard/libc_nano.a(lib_a-nano-mallocr.o)
                0x000000002000014c                __malloc_free_list
 .bss.__malloc_sbrk_start
                0x0000000020000150        0x4 /Users/amanbm/.p2/pool/plugins/fr.ac6.mcu.externaltools.arm-none.macos64_1.17.0.201812190825/tools/compiler/bin/../lib/gcc/arm-none-eabi/7.3.1/../../../../arm-none-eabi/lib/thumb/v7e-m/fpv4-sp/hard/libc_nano.a(lib_a-nano-mallocr.o)
                0x0000000020000150                __malloc_sbrk_start
 *(COMMON)
 COMMON         0x0000000020000154        0x4 Drivers/STM32F4xx_HAL_Driver/Src/stm32f4xx_hal.o
                0x0000000020000154                uwTick
 COMMON         0x0000000020000158       0x98 Src/main.o
                0x0000000020000158                hspi1
                0x00000000200001b0                huart2
 COMMON         0x00000000200001f0        0x4 /Users/amanbm/.p2/pool/plugins/fr.ac6.mcu.externaltools.arm-none.macos64_1.17.0.201812190825/tools/compiler/bin/../lib/gcc/arm-none-eabi/7.3.1/../../../../arm-none-eabi/lib/thumb/v7e-m/fpv4-sp/hard/libc_nano.a(lib_a-reent.o)
                0x00000000200001f0                errno
                0x00000000200001f4                . = ALIGN (0x4)
                0x00000000200001f4                _ebss = .
                0x00000000200001f4                __bss_end__ = _ebss

._user_heap_stack
                0x00000000200001f4      0x604 load address 0x0000000008003834
                0x00000000200001f8                . = ALIGN (0x8)
 *fill*         0x00000000200001f4        0x4 
                0x00000000200001f8                PROVIDE (end = .)
                [!provide]                        PROVIDE (_end = .)
                0x00000000200003f8                . = (. + _Min_Heap_Size)
 *fill*         0x00000000200001f8      0x200 
                0x00000000200007f8                . = (. + _Min_Stack_Size)
 *fill*         0x00000000200003f8      0x400 
                0x00000000200007f8                . = ALIGN (0x8)

/DISCARD/
 libc.a(*)
 libm.a(*)
 libgcc.a(*)

.ARM.attributes
                0x0000000000000000       0x30
 *(.ARM.attributes)
 .ARM.attributes
                0x0000000000000000       0x22 /Users/amanbm/.p2/pool/plugins/fr.ac6.mcu.externaltools.arm-none.macos64_1.17.0.201812190825/tools/compiler/bin/../lib/gcc/arm-none-eabi/7.3.1/thumb/v7e-m/fpv4-sp/hard/crti.o
 .ARM.attributes
                0x0000000000000022       0x34 /Users/amanbm/.p2/pool/plugins/fr.ac6.mcu.externaltools.arm-none.macos64_1.17.0.201812190825/tools/compiler/bin/../lib/gcc/arm-none-eabi/7.3.1/thumb/v7e-m/fpv4-sp/hard/crtbegin.o
 .ARM.attributes
                0x0000000000000056       0x39 Drivers/STM32F4xx_HAL_Driver/Src/stm32f4xx_hal.o
 .ARM.attributes
                0x000000000000008f       0x39 Drivers/STM32F4xx_HAL_Driver/Src/stm32f4xx_hal_cortex.o
 .ARM.attributes
                0x00000000000000c8       0x39 Drivers/STM32F4xx_HAL_Driver/Src/stm32f4xx_hal_gpio.o
 .ARM.attributes
                0x0000000000000101       0x39 Drivers/STM32F4xx_HAL_Driver/Src/stm32f4xx_hal_rcc.o
 .ARM.attributes
                0x000000000000013a       0x39 Drivers/STM32F4xx_HAL_Driver/Src/stm32f4xx_hal_rcc_ex.o
 .ARM.attributes
                0x0000000000000173       0x39 Drivers/STM32F4xx_HAL_Driver/Src/stm32f4xx_hal_spi.o
 .ARM.attributes
                0x00000000000001ac       0x39 Drivers/STM32F4xx_HAL_Driver/Src/stm32f4xx_hal_uart.o
 .ARM.attributes
                0x00000000000001e5       0x39 Src/MY_NRF24.o
 .ARM.attributes
                0x000000000000021e       0x39 Src/main.o
 .ARM.attributes
                0x0000000000000257       0x39 Src/stm32f4xx_hal_msp.o
 .ARM.attributes
                0x0000000000000290       0x39 Src/stm32f4xx_it.o
 .ARM.attributes
                0x00000000000002c9       0x39 Src/syscalls.o
 .ARM.attributes
                0x0000000000000302       0x39 Src/system_stm32f4xx.o
 .ARM.attributes
                0x000000000000033b       0x21 startup/startup_stm32f446xx.o
 .ARM.attributes
                0x000000000000035c       0x22 /Users/amanbm/.p2/pool/plugins/fr.ac6.mcu.externaltools.arm-none.macos64_1.17.0.201812190825/tools/compiler/bin/../lib/gcc/arm-none-eabi/7.3.1/thumb/v7e-m/fpv4-sp/hard/libgcc.a(_aeabi_uldivmod.o)
 .ARM.attributes
                0x000000000000037e       0x34 /Users/amanbm/.p2/pool/plugins/fr.ac6.mcu.externaltools.arm-none.macos64_1.17.0.201812190825/tools/compiler/bin/../lib/gcc/arm-none-eabi/7.3.1/thumb/v7e-m/fpv4-sp/hard/libgcc.a(_udivmoddi4.o)
 .ARM.attributes
                0x00000000000003b2       0x22 /Users/amanbm/.p2/pool/plugins/fr.ac6.mcu.externaltools.arm-none.macos64_1.17.0.201812190825/tools/compiler/bin/../lib/gcc/arm-none-eabi/7.3.1/thumb/v7e-m/fpv4-sp/hard/libgcc.a(_dvmd_tls.o)
 .ARM.attributes
                0x00000000000003d4       0x34 /Users/amanbm/.p2/pool/plugins/fr.ac6.mcu.externaltools.arm-none.macos64_1.17.0.201812190825/tools/compiler/bin/../lib/gcc/arm-none-eabi/7.3.1/../../../../arm-none-eabi/lib/thumb/v7e-m/fpv4-sp/hard/libc_nano.a(lib_a-errno.o)
 .ARM.attributes
                0x0000000000000408       0x34 /Users/amanbm/.p2/pool/plugins/fr.ac6.mcu.externaltools.arm-none.macos64_1.17.0.201812190825/tools/compiler/bin/../lib/gcc/arm-none-eabi/7.3.1/../../../../arm-none-eabi/lib/thumb/v7e-m/fpv4-sp/hard/libc_nano.a(lib_a-impure.o)
 .ARM.attributes
                0x000000000000043c       0x34 /Users/amanbm/.p2/pool/plugins/fr.ac6.mcu.externaltools.arm-none.macos64_1.17.0.201812190825/tools/compiler/bin/../lib/gcc/arm-none-eabi/7.3.1/../../../../arm-none-eabi/lib/thumb/v7e-m/fpv4-sp/hard/libc_nano.a(lib_a-init.o)
 .ARM.attributes
                0x0000000000000470       0x34 /Users/amanbm/.p2/pool/plugins/fr.ac6.mcu.externaltools.arm-none.macos64_1.17.0.201812190825/tools/compiler/bin/../lib/gcc/arm-none-eabi/7.3.1/../../../../arm-none-eabi/lib/thumb/v7e-m/fpv4-sp/hard/libc_nano.a(lib_a-memcpy-stub.o)
 .ARM.attributes
                0x00000000000004a4       0x34 /Users/amanbm/.p2/pool/plugins/fr.ac6.mcu.externaltools.arm-none.macos64_1.17.0.201812190825/tools/compiler/bin/../lib/gcc/arm-none-eabi/7.3.1/../../../../arm-none-eabi/lib/thumb/v7e-m/fpv4-sp/hard/libc_nano.a(lib_a-memset.o)
 .ARM.attributes
                0x00000000000004d8       0x34 /Users/amanbm/.p2/pool/plugins/fr.ac6.mcu.externaltools.arm-none.macos64_1.17.0.201812190825/tools/compiler/bin/../lib/gcc/arm-none-eabi/7.3.1/../../../../arm-none-eabi/lib/thumb/v7e-m/fpv4-sp/hard/libc_nano.a(lib_a-sprintf.o)
 .ARM.attributes
                0x000000000000050c       0x1b /Users/amanbm/.p2/pool/plugins/fr.ac6.mcu.externaltools.arm-none.macos64_1.17.0.201812190825/tools/compiler/bin/../lib/gcc/arm-none-eabi/7.3.1/../../../../arm-none-eabi/lib/thumb/v7e-m/fpv4-sp/hard/libc_nano.a(lib_a-strlen.o)
 .ARM.attributes
                0x0000000000000527       0x34 /Users/amanbm/.p2/pool/plugins/fr.ac6.mcu.externaltools.arm-none.macos64_1.17.0.201812190825/tools/compiler/bin/../lib/gcc/arm-none-eabi/7.3.1/../../../../arm-none-eabi/lib/thumb/v7e-m/fpv4-sp/hard/libc_nano.a(lib_a-nano-svfprintf.o)
 .ARM.attributes
                0x000000000000055b       0x34 /Users/amanbm/.p2/pool/plugins/fr.ac6.mcu.externaltools.arm-none.macos64_1.17.0.201812190825/tools/compiler/bin/../lib/gcc/arm-none-eabi/7.3.1/../../../../arm-none-eabi/lib/thumb/v7e-m/fpv4-sp/hard/libc_nano.a(lib_a-nano-vfprintf_i.o)
 .ARM.attributes
                0x000000000000058f       0x20 /Users/amanbm/.p2/pool/plugins/fr.ac6.mcu.externaltools.arm-none.macos64_1.17.0.201812190825/tools/compiler/bin/../lib/gcc/arm-none-eabi/7.3.1/../../../../arm-none-eabi/lib/thumb/v7e-m/fpv4-sp/hard/libc_nano.a(lib_a-memchr.o)
 .ARM.attributes
                0x00000000000005af       0x34 /Users/amanbm/.p2/pool/plugins/fr.ac6.mcu.externaltools.arm-none.macos64_1.17.0.201812190825/tools/compiler/bin/../lib/gcc/arm-none-eabi/7.3.1/../../../../arm-none-eabi/lib/thumb/v7e-m/fpv4-sp/hard/libc_nano.a(lib_a-memmove.o)
 .ARM.attributes
                0x00000000000005e3       0x34 /Users/amanbm/.p2/pool/plugins/fr.ac6.mcu.externaltools.arm-none.macos64_1.17.0.201812190825/tools/compiler/bin/../lib/gcc/arm-none-eabi/7.3.1/../../../../arm-none-eabi/lib/thumb/v7e-m/fpv4-sp/hard/libc_nano.a(lib_a-nano-freer.o)
 .ARM.attributes
                0x0000000000000617       0x34 /Users/amanbm/.p2/pool/plugins/fr.ac6.mcu.externaltools.arm-none.macos64_1.17.0.201812190825/tools/compiler/bin/../lib/gcc/arm-none-eabi/7.3.1/../../../../arm-none-eabi/lib/thumb/v7e-m/fpv4-sp/hard/libc_nano.a(lib_a-nano-mallocr.o)
 .ARM.attributes
                0x000000000000064b       0x34 /Users/amanbm/.p2/pool/plugins/fr.ac6.mcu.externaltools.arm-none.macos64_1.17.0.201812190825/tools/compiler/bin/../lib/gcc/arm-none-eabi/7.3.1/../../../../arm-none-eabi/lib/thumb/v7e-m/fpv4-sp/hard/libc_nano.a(lib_a-nano-reallocr.o)
 .ARM.attributes
                0x000000000000067f       0x34 /Users/amanbm/.p2/pool/plugins/fr.ac6.mcu.externaltools.arm-none.macos64_1.17.0.201812190825/tools/compiler/bin/../lib/gcc/arm-none-eabi/7.3.1/../../../../arm-none-eabi/lib/thumb/v7e-m/fpv4-sp/hard/libc_nano.a(lib_a-sbrkr.o)
 .ARM.attributes
                0x00000000000006b3       0x34 /Users/amanbm/.p2/pool/plugins/fr.ac6.mcu.externaltools.arm-none.macos64_1.17.0.201812190825/tools/compiler/bin/../lib/gcc/arm-none-eabi/7.3.1/../../../../arm-none-eabi/lib/thumb/v7e-m/fpv4-sp/hard/libc_nano.a(lib_a-mlock.o)
 .ARM.attributes
                0x00000000000006e7       0x34 /Users/amanbm/.p2/pool/plugins/fr.ac6.mcu.externaltools.arm-none.macos64_1.17.0.201812190825/tools/compiler/bin/../lib/gcc/arm-none-eabi/7.3.1/../../../../arm-none-eabi/lib/thumb/v7e-m/fpv4-sp/hard/libc_nano.a(lib_a-nano-msizer.o)
 .ARM.attributes
                0x000000000000071b       0x34 /Users/amanbm/.p2/pool/plugins/fr.ac6.mcu.externaltools.arm-none.macos64_1.17.0.201812190825/tools/compiler/bin/../lib/gcc/arm-none-eabi/7.3.1/../../../../arm-none-eabi/lib/thumb/v7e-m/fpv4-sp/hard/libc_nano.a(lib_a-reent.o)
 .ARM.attributes
                0x000000000000074f       0x22 /Users/amanbm/.p2/pool/plugins/fr.ac6.mcu.externaltools.arm-none.macos64_1.17.0.201812190825/tools/compiler/bin/../lib/gcc/arm-none-eabi/7.3.1/thumb/v7e-m/fpv4-sp/hard/crtn.o
OUTPUT(nrf24-test.elf elf32-littlearm)

.debug_info     0x0000000000000000     0xdceb
 .debug_info    0x0000000000000000      0xa1e Drivers/STM32F4xx_HAL_Driver/Src/stm32f4xx_hal.o
 .debug_info    0x0000000000000a1e      0xf58 Drivers/STM32F4xx_HAL_Driver/Src/stm32f4xx_hal_cortex.o
 .debug_info    0x0000000000001976      0x7be Drivers/STM32F4xx_HAL_Driver/Src/stm32f4xx_hal_gpio.o
 .debug_info    0x0000000000002134      0xa79 Drivers/STM32F4xx_HAL_Driver/Src/stm32f4xx_hal_rcc.o
 .debug_info    0x0000000000002bad      0xbe8 Drivers/STM32F4xx_HAL_Driver/Src/stm32f4xx_hal_rcc_ex.o
 .debug_info    0x0000000000003795     0x1ba9 Drivers/STM32F4xx_HAL_Driver/Src/stm32f4xx_hal_spi.o
 .debug_info    0x000000000000533e     0x1730 Drivers/STM32F4xx_HAL_Driver/Src/stm32f4xx_hal_uart.o
 .debug_info    0x0000000000006a6e     0x3733 Src/MY_NRF24.o
 .debug_info    0x000000000000a1a1     0x17ba Src/main.o
 .debug_info    0x000000000000b95b      0xc94 Src/stm32f4xx_hal_msp.o
 .debug_info    0x000000000000c5ef      0x1cc Src/stm32f4xx_it.o
 .debug_info    0x000000000000c7bb      0xfd3 Src/syscalls.o
 .debug_info    0x000000000000d78e      0x53b Src/system_stm32f4xx.o
 .debug_info    0x000000000000dcc9       0x22 startup/startup_stm32f446xx.o

.debug_abbrev   0x0000000000000000     0x1d0b
 .debug_abbrev  0x0000000000000000      0x1f1 Drivers/STM32F4xx_HAL_Driver/Src/stm32f4xx_hal.o
 .debug_abbrev  0x00000000000001f1      0x328 Drivers/STM32F4xx_HAL_Driver/Src/stm32f4xx_hal_cortex.o
 .debug_abbrev  0x0000000000000519      0x1e7 Drivers/STM32F4xx_HAL_Driver/Src/stm32f4xx_hal_gpio.o
 .debug_abbrev  0x0000000000000700      0x273 Drivers/STM32F4xx_HAL_Driver/Src/stm32f4xx_hal_rcc.o
 .debug_abbrev  0x0000000000000973      0x229 Drivers/STM32F4xx_HAL_Driver/Src/stm32f4xx_hal_rcc_ex.o
 .debug_abbrev  0x0000000000000b9c      0x249 Drivers/STM32F4xx_HAL_Driver/Src/stm32f4xx_hal_spi.o
 .debug_abbrev  0x0000000000000de5      0x270 Drivers/STM32F4xx_HAL_Driver/Src/stm32f4xx_hal_uart.o
 .debug_abbrev  0x0000000000001055      0x393 Src/MY_NRF24.o
 .debug_abbrev  0x00000000000013e8      0x2c6 Src/main.o
 .debug_abbrev  0x00000000000016ae      0x19c Src/stm32f4xx_hal_msp.o
 .debug_abbrev  0x000000000000184a       0xca Src/stm32f4xx_it.o
 .debug_abbrev  0x0000000000001914      0x2d4 Src/syscalls.o
 .debug_abbrev  0x0000000000001be8      0x111 Src/system_stm32f4xx.o
 .debug_abbrev  0x0000000000001cf9       0x12 startup/startup_stm32f446xx.o

.debug_loc      0x0000000000000000     0x5a3d
 .debug_loc     0x0000000000000000       0xfd Drivers/STM32F4xx_HAL_Driver/Src/stm32f4xx_hal.o
 .debug_loc     0x00000000000000fd      0x5ce Drivers/STM32F4xx_HAL_Driver/Src/stm32f4xx_hal_cortex.o
 .debug_loc     0x00000000000006cb      0x497 Drivers/STM32F4xx_HAL_Driver/Src/stm32f4xx_hal_gpio.o
 .debug_loc     0x0000000000000b62      0x3f1 Drivers/STM32F4xx_HAL_Driver/Src/stm32f4xx_hal_rcc.o
 .debug_loc     0x0000000000000f53      0xb5e Drivers/STM32F4xx_HAL_Driver/Src/stm32f4xx_hal_rcc_ex.o
 .debug_loc     0x0000000000001ab1     0x19fe Drivers/STM32F4xx_HAL_Driver/Src/stm32f4xx_hal_spi.o
 .debug_loc     0x00000000000034af     0x154f Drivers/STM32F4xx_HAL_Driver/Src/stm32f4xx_hal_uart.o
 .debug_loc     0x00000000000049fe      0xa6a Src/MY_NRF24.o
 .debug_loc     0x0000000000005468       0xe8 Src/stm32f4xx_hal_msp.o
 .debug_loc     0x0000000000005550      0x3af Src/syscalls.o
 .debug_loc     0x00000000000058ff      0x13e Src/system_stm32f4xx.o

.debug_aranges  0x0000000000000000      0xa48
 .debug_aranges
                0x0000000000000000       0xf0 Drivers/STM32F4xx_HAL_Driver/Src/stm32f4xx_hal.o
 .debug_aranges
                0x00000000000000f0       0xa8 Drivers/STM32F4xx_HAL_Driver/Src/stm32f4xx_hal_cortex.o
 .debug_aranges
                0x0000000000000198       0x58 Drivers/STM32F4xx_HAL_Driver/Src/stm32f4xx_hal_gpio.o
 .debug_aranges
                0x00000000000001f0       0x88 Drivers/STM32F4xx_HAL_Driver/Src/stm32f4xx_hal_rcc.o
 .debug_aranges
                0x0000000000000278       0x78 Drivers/STM32F4xx_HAL_Driver/Src/stm32f4xx_hal_rcc_ex.o
 .debug_aranges
                0x00000000000002f0      0x1d0 Drivers/STM32F4xx_HAL_Driver/Src/stm32f4xx_hal_spi.o
 .debug_aranges
                0x00000000000004c0      0x1d0 Drivers/STM32F4xx_HAL_Driver/Src/stm32f4xx_hal_uart.o
 .debug_aranges
                0x0000000000000690      0x1d0 Src/MY_NRF24.o
 .debug_aranges
                0x0000000000000860       0x48 Src/main.o
 .debug_aranges
                0x00000000000008a8       0x40 Src/stm32f4xx_hal_msp.o
 .debug_aranges
                0x00000000000008e8       0x60 Src/stm32f4xx_it.o
 .debug_aranges
                0x0000000000000948       0xb0 Src/syscalls.o
 .debug_aranges
                0x00000000000009f8       0x28 Src/system_stm32f4xx.o
 .debug_aranges
                0x0000000000000a20       0x28 startup/startup_stm32f446xx.o

.debug_ranges   0x0000000000000000      0xa18
 .debug_ranges  0x0000000000000000       0xe0 Drivers/STM32F4xx_HAL_Driver/Src/stm32f4xx_hal.o
 .debug_ranges  0x00000000000000e0       0xf8 Drivers/STM32F4xx_HAL_Driver/Src/stm32f4xx_hal_cortex.o
 .debug_ranges  0x00000000000001d8       0x48 Drivers/STM32F4xx_HAL_Driver/Src/stm32f4xx_hal_gpio.o
 .debug_ranges  0x0000000000000220       0x90 Drivers/STM32F4xx_HAL_Driver/Src/stm32f4xx_hal_rcc.o
 .debug_ranges  0x00000000000002b0       0x80 Drivers/STM32F4xx_HAL_Driver/Src/stm32f4xx_hal_rcc_ex.o
 .debug_ranges  0x0000000000000330      0x1c0 Drivers/STM32F4xx_HAL_Driver/Src/stm32f4xx_hal_spi.o
 .debug_ranges  0x00000000000004f0      0x1c0 Drivers/STM32F4xx_HAL_Driver/Src/stm32f4xx_hal_uart.o
 .debug_ranges  0x00000000000006b0      0x1d8 Src/MY_NRF24.o
 .debug_ranges  0x0000000000000888       0x38 Src/main.o
 .debug_ranges  0x00000000000008c0       0x30 Src/stm32f4xx_hal_msp.o
 .debug_ranges  0x00000000000008f0       0x50 Src/stm32f4xx_it.o
 .debug_ranges  0x0000000000000940       0xa0 Src/syscalls.o
 .debug_ranges  0x00000000000009e0       0x18 Src/system_stm32f4xx.o
 .debug_ranges  0x00000000000009f8       0x20 startup/startup_stm32f446xx.o

.debug_macro    0x0000000000000000    0x22033
 .debug_macro   0x0000000000000000      0x224 Drivers/STM32F4xx_HAL_Driver/Src/stm32f4xx_hal.o
 .debug_macro   0x0000000000000224      0xa60 Drivers/STM32F4xx_HAL_Driver/Src/stm32f4xx_hal.o
 .debug_macro   0x0000000000000c84      0x18a Drivers/STM32F4xx_HAL_Driver/Src/stm32f4xx_hal.o
 .debug_macro   0x0000000000000e0e       0x32 Drivers/STM32F4xx_HAL_Driver/Src/stm32f4xx_hal.o
 .debug_macro   0x0000000000000e40       0x28 Drivers/STM32F4xx_HAL_Driver/Src/stm32f4xx_hal.o
 .debug_macro   0x0000000000000e68       0x22 Drivers/STM32F4xx_HAL_Driver/Src/stm32f4xx_hal.o
 .debug_macro   0x0000000000000e8a       0x8e Drivers/STM32F4xx_HAL_Driver/Src/stm32f4xx_hal.o
 .debug_macro   0x0000000000000f18       0x51 Drivers/STM32F4xx_HAL_Driver/Src/stm32f4xx_hal.o
 .debug_macro   0x0000000000000f69       0xef Drivers/STM32F4xx_HAL_Driver/Src/stm32f4xx_hal.o
 .debug_macro   0x0000000000001058       0x6a Drivers/STM32F4xx_HAL_Driver/Src/stm32f4xx_hal.o
 .debug_macro   0x00000000000010c2      0x1df Drivers/STM32F4xx_HAL_Driver/Src/stm32f4xx_hal.o
 .debug_macro   0x00000000000012a1       0x1c Drivers/STM32F4xx_HAL_Driver/Src/stm32f4xx_hal.o
 .debug_macro   0x00000000000012bd       0x22 Drivers/STM32F4xx_HAL_Driver/Src/stm32f4xx_hal.o
 .debug_macro   0x00000000000012df       0xdf Drivers/STM32F4xx_HAL_Driver/Src/stm32f4xx_hal.o
 .debug_macro   0x00000000000013be     0x102d Drivers/STM32F4xx_HAL_Driver/Src/stm32f4xx_hal.o
 .debug_macro   0x00000000000023eb      0x11f Drivers/STM32F4xx_HAL_Driver/Src/stm32f4xx_hal.o
 .debug_macro   0x000000000000250a    0x16734 Drivers/STM32F4xx_HAL_Driver/Src/stm32f4xx_hal.o
 .debug_macro   0x0000000000018c3e       0x43 Drivers/STM32F4xx_HAL_Driver/Src/stm32f4xx_hal.o
 .debug_macro   0x0000000000018c81     0x35d4 Drivers/STM32F4xx_HAL_Driver/Src/stm32f4xx_hal.o
 .debug_macro   0x000000000001c255      0x174 Drivers/STM32F4xx_HAL_Driver/Src/stm32f4xx_hal.o
 .debug_macro   0x000000000001c3c9       0x4e Drivers/STM32F4xx_HAL_Driver/Src/stm32f4xx_hal.o
 .debug_macro   0x000000000001c417      0xc90 Drivers/STM32F4xx_HAL_Driver/Src/stm32f4xx_hal.o
 .debug_macro   0x000000000001d0a7      0x9fe Drivers/STM32F4xx_HAL_Driver/Src/stm32f4xx_hal.o
 .debug_macro   0x000000000001daa5       0xed Drivers/STM32F4xx_HAL_Driver/Src/stm32f4xx_hal.o
 .debug_macro   0x000000000001db92      0x117 Drivers/STM32F4xx_HAL_Driver/Src/stm32f4xx_hal.o
 .debug_macro   0x000000000001dca9      0x1a0 Drivers/STM32F4xx_HAL_Driver/Src/stm32f4xx_hal.o
 .debug_macro   0x000000000001de49       0x27 Drivers/STM32F4xx_HAL_Driver/Src/stm32f4xx_hal.o
 .debug_macro   0x000000000001de70      0x287 Drivers/STM32F4xx_HAL_Driver/Src/stm32f4xx_hal.o
 .debug_macro   0x000000000001e0f7       0x5f Drivers/STM32F4xx_HAL_Driver/Src/stm32f4xx_hal.o
 .debug_macro   0x000000000001e156      0x236 Drivers/STM32F4xx_HAL_Driver/Src/stm32f4xx_hal.o
 .debug_macro   0x000000000001e38c      0x132 Drivers/STM32F4xx_HAL_Driver/Src/stm32f4xx_hal.o
 .debug_macro   0x000000000001e4be      0x29c Drivers/STM32F4xx_HAL_Driver/Src/stm32f4xx_hal.o
 .debug_macro   0x000000000001e75a       0x2e Drivers/STM32F4xx_HAL_Driver/Src/stm32f4xx_hal.o
 .debug_macro   0x000000000001e788      0x11a Drivers/STM32F4xx_HAL_Driver/Src/stm32f4xx_hal.o
 .debug_macro   0x000000000001e8a2       0xe8 Drivers/STM32F4xx_HAL_Driver/Src/stm32f4xx_hal.o
 .debug_macro   0x000000000001e98a       0x89 Drivers/STM32F4xx_HAL_Driver/Src/stm32f4xx_hal.o
 .debug_macro   0x000000000001ea13      0x225 Drivers/STM32F4xx_HAL_Driver/Src/stm32f4xx_hal.o
 .debug_macro   0x000000000001ec38      0x287 Drivers/STM32F4xx_HAL_Driver/Src/stm32f4xx_hal.o
 .debug_macro   0x000000000001eebf      0x126 Drivers/STM32F4xx_HAL_Driver/Src/stm32f4xx_hal.o
 .debug_macro   0x000000000001efe5      0x1c4 Drivers/STM32F4xx_HAL_Driver/Src/stm32f4xx_hal_cortex.o
 .debug_macro   0x000000000001f1a9      0x1fa Drivers/STM32F4xx_HAL_Driver/Src/stm32f4xx_hal_gpio.o
 .debug_macro   0x000000000001f3a3      0x1e8 Drivers/STM32F4xx_HAL_Driver/Src/stm32f4xx_hal_rcc.o
 .debug_macro   0x000000000001f58b      0x1c4 Drivers/STM32F4xx_HAL_Driver/Src/stm32f4xx_hal_rcc_ex.o
 .debug_macro   0x000000000001f74f      0x1d3 Drivers/STM32F4xx_HAL_Driver/Src/stm32f4xx_hal_spi.o
 .debug_macro   0x000000000001f922      0x1c5 Drivers/STM32F4xx_HAL_Driver/Src/stm32f4xx_hal_uart.o
 .debug_macro   0x000000000001fae7      0x2d6 Src/MY_NRF24.o
 .debug_macro   0x000000000001fdbd      0x226 Src/MY_NRF24.o
 .debug_macro   0x000000000001ffe3       0x18 Src/MY_NRF24.o
 .debug_macro   0x000000000001fffb       0x5e Src/MY_NRF24.o
 .debug_macro   0x0000000000020059       0x35 Src/MY_NRF24.o
 .debug_macro   0x000000000002008e       0x34 Src/MY_NRF24.o
 .debug_macro   0x00000000000200c2       0x16 Src/MY_NRF24.o
 .debug_macro   0x00000000000200d8       0x35 Src/MY_NRF24.o
 .debug_macro   0x000000000002010d       0x58 Src/MY_NRF24.o
 .debug_macro   0x0000000000020165       0x1f Src/MY_NRF24.o
 .debug_macro   0x0000000000020184       0x43 Src/MY_NRF24.o
 .debug_macro   0x00000000000201c7       0x20 Src/MY_NRF24.o
 .debug_macro   0x00000000000201e7      0x18e Src/MY_NRF24.o
 .debug_macro   0x0000000000020375      0x32a Src/MY_NRF24.o
 .debug_macro   0x000000000002069f       0x16 Src/MY_NRF24.o
 .debug_macro   0x00000000000206b5       0x29 Src/MY_NRF24.o
 .debug_macro   0x00000000000206de       0x22 Src/MY_NRF24.o
 .debug_macro   0x0000000000020700       0x16 Src/MY_NRF24.o
 .debug_macro   0x0000000000020716      0x2d3 Src/main.o
 .debug_macro   0x00000000000209e9       0x1c Src/main.o
 .debug_macro   0x0000000000020a05      0x1d3 Src/stm32f4xx_hal_msp.o
 .debug_macro   0x0000000000020bd8      0x1dd Src/stm32f4xx_it.o
 .debug_macro   0x0000000000020db5      0x243 Src/syscalls.o
 .debug_macro   0x0000000000020ff8       0x58 Src/syscalls.o
 .debug_macro   0x0000000000021050       0x94 Src/syscalls.o
 .debug_macro   0x00000000000210e4       0x57 Src/syscalls.o
 .debug_macro   0x000000000002113b      0x330 Src/syscalls.o
 .debug_macro   0x000000000002146b       0x10 Src/syscalls.o
 .debug_macro   0x000000000002147b       0x10 Src/syscalls.o
 .debug_macro   0x000000000002148b       0x10 Src/syscalls.o
 .debug_macro   0x000000000002149b       0x10 Src/syscalls.o
 .debug_macro   0x00000000000214ab       0x1c Src/syscalls.o
 .debug_macro   0x00000000000214c7       0x52 Src/syscalls.o
 .debug_macro   0x0000000000021519       0x40 Src/syscalls.o
 .debug_macro   0x0000000000021559       0x10 Src/syscalls.o
 .debug_macro   0x0000000000021569       0x40 Src/syscalls.o
 .debug_macro   0x00000000000215a9       0xd7 Src/syscalls.o
 .debug_macro   0x0000000000021680       0x1c Src/syscalls.o
 .debug_macro   0x000000000002169c       0x3d Src/syscalls.o
 .debug_macro   0x00000000000216d9       0x35 Src/syscalls.o
 .debug_macro   0x000000000002170e      0x122 Src/syscalls.o
 .debug_macro   0x0000000000021830       0x10 Src/syscalls.o
 .debug_macro   0x0000000000021840      0x241 Src/syscalls.o
 .debug_macro   0x0000000000021a81       0x1c Src/syscalls.o
 .debug_macro   0x0000000000021a9d       0x10 Src/syscalls.o
 .debug_macro   0x0000000000021aad       0x10 Src/syscalls.o
 .debug_macro   0x0000000000021abd       0x16 Src/syscalls.o
 .debug_macro   0x0000000000021ad3      0x16f Src/syscalls.o
 .debug_macro   0x0000000000021c42      0x189 Src/syscalls.o
 .debug_macro   0x0000000000021dcb       0x16 Src/syscalls.o
 .debug_macro   0x0000000000021de1       0x88 Src/syscalls.o
 .debug_macro   0x0000000000021e69      0x1ca Src/system_stm32f4xx.o

.debug_line     0x0000000000000000     0x80e6
 .debug_line    0x0000000000000000      0x8c9 Drivers/STM32F4xx_HAL_Driver/Src/stm32f4xx_hal.o
 .debug_line    0x00000000000008c9      0x91f Drivers/STM32F4xx_HAL_Driver/Src/stm32f4xx_hal_cortex.o
 .debug_line    0x00000000000011e8      0x84b Drivers/STM32F4xx_HAL_Driver/Src/stm32f4xx_hal_gpio.o
 .debug_line    0x0000000000001a33      0x93f Drivers/STM32F4xx_HAL_Driver/Src/stm32f4xx_hal_rcc.o
 .debug_line    0x0000000000002372      0xb00 Drivers/STM32F4xx_HAL_Driver/Src/stm32f4xx_hal_rcc_ex.o
 .debug_line    0x0000000000002e72     0x110e Drivers/STM32F4xx_HAL_Driver/Src/stm32f4xx_hal_spi.o
 .debug_line    0x0000000000003f80     0x100b Drivers/STM32F4xx_HAL_Driver/Src/stm32f4xx_hal_uart.o
 .debug_line    0x0000000000004f8b      0xd35 Src/MY_NRF24.o
 .debug_line    0x0000000000005cc0      0x848 Src/main.o
 .debug_line    0x0000000000006508      0x73b Src/stm32f4xx_hal_msp.o
 .debug_line    0x0000000000006c43      0x75a Src/stm32f4xx_it.o
 .debug_line    0x000000000000739d      0x5d9 Src/syscalls.o
 .debug_line    0x0000000000007976      0x6f1 Src/system_stm32f4xx.o
 .debug_line    0x0000000000008067       0x7f startup/startup_stm32f446xx.o

.debug_str      0x0000000000000000    0xca5b7
 .debug_str     0x0000000000000000    0xc29bd Drivers/STM32F4xx_HAL_Driver/Src/stm32f4xx_hal.o
                                      0xc2d6d (size before relaxing)
 .debug_str     0x00000000000c29bd      0x3a8 Drivers/STM32F4xx_HAL_Driver/Src/stm32f4xx_hal_cortex.o
                                      0xc2a7e (size before relaxing)
 .debug_str     0x00000000000c2d65      0x292 Drivers/STM32F4xx_HAL_Driver/Src/stm32f4xx_hal_gpio.o
                                      0xc23e5 (size before relaxing)
 .debug_str     0x00000000000c2ff7      0x389 Drivers/STM32F4xx_HAL_Driver/Src/stm32f4xx_hal_rcc.o
                                      0xc25b4 (size before relaxing)
 .debug_str     0x00000000000c3380      0x324 Drivers/STM32F4xx_HAL_Driver/Src/stm32f4xx_hal_rcc_ex.o
                                      0xc2603 (size before relaxing)
 .debug_str     0x00000000000c36a4      0x981 Drivers/STM32F4xx_HAL_Driver/Src/stm32f4xx_hal_spi.o
                                      0xc2a2b (size before relaxing)
 .debug_str     0x00000000000c4025      0x688 Drivers/STM32F4xx_HAL_Driver/Src/stm32f4xx_hal_uart.o
                                      0xc2a2b (size before relaxing)
 .debug_str     0x00000000000c46ad     0x3931 Src/MY_NRF24.o
                                      0xc6016 (size before relaxing)
 .debug_str     0x00000000000c7fde       0xd6 Src/main.o
                                      0xc5c0f (size before relaxing)
 .debug_str     0x00000000000c80b4       0x1b Src/stm32f4xx_hal_msp.o
                                      0xc27d7 (size before relaxing)
 .debug_str     0x00000000000c80cf       0xb8 Src/stm32f4xx_it.o
                                      0xc20db (size before relaxing)
 .debug_str     0x00000000000c8187     0x23a7 Src/syscalls.o
                                       0x85e4 (size before relaxing)
 .debug_str     0x00000000000ca52e       0x5a Src/system_stm32f4xx.o
                                      0xc21a1 (size before relaxing)
 .debug_str     0x00000000000ca588       0x2f startup/startup_stm32f446xx.o
                                         0x65 (size before relaxing)

.comment        0x0000000000000000       0x7f
 .comment       0x0000000000000000       0x7f Drivers/STM32F4xx_HAL_Driver/Src/stm32f4xx_hal.o
                                         0x80 (size before relaxing)
 .comment       0x000000000000007f       0x80 Drivers/STM32F4xx_HAL_Driver/Src/stm32f4xx_hal_cortex.o
 .comment       0x000000000000007f       0x80 Drivers/STM32F4xx_HAL_Driver/Src/stm32f4xx_hal_gpio.o
 .comment       0x000000000000007f       0x80 Drivers/STM32F4xx_HAL_Driver/Src/stm32f4xx_hal_rcc.o
 .comment       0x000000000000007f       0x80 Drivers/STM32F4xx_HAL_Driver/Src/stm32f4xx_hal_rcc_ex.o
 .comment       0x000000000000007f       0x80 Drivers/STM32F4xx_HAL_Driver/Src/stm32f4xx_hal_spi.o
 .comment       0x000000000000007f       0x80 Drivers/STM32F4xx_HAL_Driver/Src/stm32f4xx_hal_uart.o
 .comment       0x000000000000007f       0x80 Src/MY_NRF24.o
 .comment       0x000000000000007f       0x80 Src/main.o
 .comment       0x000000000000007f       0x80 Src/stm32f4xx_hal_msp.o
 .comment       0x000000000000007f       0x80 Src/stm32f4xx_it.o
 .comment       0x000000000000007f       0x80 Src/syscalls.o
 .comment       0x000000000000007f       0x80 Src/system_stm32f4xx.o

.debug_frame    0x0000000000000000     0x1f04
 .debug_frame   0x0000000000000000      0x1ec Drivers/STM32F4xx_HAL_Driver/Src/stm32f4xx_hal.o
 .debug_frame   0x00000000000001ec      0x15c Drivers/STM32F4xx_HAL_Driver/Src/stm32f4xx_hal_cortex.o
 .debug_frame   0x0000000000000348       0xd8 Drivers/STM32F4xx_HAL_Driver/Src/stm32f4xx_hal_gpio.o
 .debug_frame   0x0000000000000420      0x184 Drivers/STM32F4xx_HAL_Driver/Src/stm32f4xx_hal_rcc.o
 .debug_frame   0x00000000000005a4      0x148 Drivers/STM32F4xx_HAL_Driver/Src/stm32f4xx_hal_rcc_ex.o
 .debug_frame   0x00000000000006ec      0x594 Drivers/STM32F4xx_HAL_Driver/Src/stm32f4xx_hal_spi.o
 .debug_frame   0x0000000000000c80      0x4f0 Drivers/STM32F4xx_HAL_Driver/Src/stm32f4xx_hal_uart.o
 .debug_frame   0x0000000000001170      0x5e4 Src/MY_NRF24.o
 .debug_frame   0x0000000000001754       0xa8 Src/main.o
 .debug_frame   0x00000000000017fc       0x98 Src/stm32f4xx_hal_msp.o
 .debug_frame   0x0000000000001894       0xa8 Src/stm32f4xx_it.o
 .debug_frame   0x000000000000193c      0x1a8 Src/syscalls.o
 .debug_frame   0x0000000000001ae4       0x30 Src/system_stm32f4xx.o
 .debug_frame   0x0000000000001b14       0x2c /Users/amanbm/.p2/pool/plugins/fr.ac6.mcu.externaltools.arm-none.macos64_1.17.0.201812190825/tools/compiler/bin/../lib/gcc/arm-none-eabi/7.3.1/thumb/v7e-m/fpv4-sp/hard/libgcc.a(_aeabi_uldivmod.o)
 .debug_frame   0x0000000000001b40       0x34 /Users/amanbm/.p2/pool/plugins/fr.ac6.mcu.externaltools.arm-none.macos64_1.17.0.201812190825/tools/compiler/bin/../lib/gcc/arm-none-eabi/7.3.1/thumb/v7e-m/fpv4-sp/hard/libgcc.a(_udivmoddi4.o)
 .debug_frame   0x0000000000001b74       0x20 /Users/amanbm/.p2/pool/plugins/fr.ac6.mcu.externaltools.arm-none.macos64_1.17.0.201812190825/tools/compiler/bin/../lib/gcc/arm-none-eabi/7.3.1/../../../../arm-none-eabi/lib/thumb/v7e-m/fpv4-sp/hard/libc_nano.a(lib_a-errno.o)
 .debug_frame   0x0000000000001b94       0x2c /Users/amanbm/.p2/pool/plugins/fr.ac6.mcu.externaltools.arm-none.macos64_1.17.0.201812190825/tools/compiler/bin/../lib/gcc/arm-none-eabi/7.3.1/../../../../arm-none-eabi/lib/thumb/v7e-m/fpv4-sp/hard/libc_nano.a(lib_a-init.o)
 .debug_frame   0x0000000000001bc0       0x28 /Users/amanbm/.p2/pool/plugins/fr.ac6.mcu.externaltools.arm-none.macos64_1.17.0.201812190825/tools/compiler/bin/../lib/gcc/arm-none-eabi/7.3.1/../../../../arm-none-eabi/lib/thumb/v7e-m/fpv4-sp/hard/libc_nano.a(lib_a-memcpy-stub.o)
 .debug_frame   0x0000000000001be8       0x20 /Users/amanbm/.p2/pool/plugins/fr.ac6.mcu.externaltools.arm-none.macos64_1.17.0.201812190825/tools/compiler/bin/../lib/gcc/arm-none-eabi/7.3.1/../../../../arm-none-eabi/lib/thumb/v7e-m/fpv4-sp/hard/libc_nano.a(lib_a-memset.o)
 .debug_frame   0x0000000000001c08       0x6c /Users/amanbm/.p2/pool/plugins/fr.ac6.mcu.externaltools.arm-none.macos64_1.17.0.201812190825/tools/compiler/bin/../lib/gcc/arm-none-eabi/7.3.1/../../../../arm-none-eabi/lib/thumb/v7e-m/fpv4-sp/hard/libc_nano.a(lib_a-sprintf.o)
 .debug_frame   0x0000000000001c74       0x90 /Users/amanbm/.p2/pool/plugins/fr.ac6.mcu.externaltools.arm-none.macos64_1.17.0.201812190825/tools/compiler/bin/../lib/gcc/arm-none-eabi/7.3.1/../../../../arm-none-eabi/lib/thumb/v7e-m/fpv4-sp/hard/libc_nano.a(lib_a-nano-svfprintf.o)
 .debug_frame   0x0000000000001d04       0x60 /Users/amanbm/.p2/pool/plugins/fr.ac6.mcu.externaltools.arm-none.macos64_1.17.0.201812190825/tools/compiler/bin/../lib/gcc/arm-none-eabi/7.3.1/../../../../arm-none-eabi/lib/thumb/v7e-m/fpv4-sp/hard/libc_nano.a(lib_a-nano-vfprintf_i.o)
 .debug_frame   0x0000000000001d64       0x28 /Users/amanbm/.p2/pool/plugins/fr.ac6.mcu.externaltools.arm-none.macos64_1.17.0.201812190825/tools/compiler/bin/../lib/gcc/arm-none-eabi/7.3.1/../../../../arm-none-eabi/lib/thumb/v7e-m/fpv4-sp/hard/libc_nano.a(lib_a-memmove.o)
 .debug_frame   0x0000000000001d8c       0x38 /Users/amanbm/.p2/pool/plugins/fr.ac6.mcu.externaltools.arm-none.macos64_1.17.0.201812190825/tools/compiler/bin/../lib/gcc/arm-none-eabi/7.3.1/../../../../arm-none-eabi/lib/thumb/v7e-m/fpv4-sp/hard/libc_nano.a(lib_a-nano-freer.o)
 .debug_frame   0x0000000000001dc4       0x2c /Users/amanbm/.p2/pool/plugins/fr.ac6.mcu.externaltools.arm-none.macos64_1.17.0.201812190825/tools/compiler/bin/../lib/gcc/arm-none-eabi/7.3.1/../../../../arm-none-eabi/lib/thumb/v7e-m/fpv4-sp/hard/libc_nano.a(lib_a-nano-mallocr.o)
 .debug_frame   0x0000000000001df0       0x3c /Users/amanbm/.p2/pool/plugins/fr.ac6.mcu.externaltools.arm-none.macos64_1.17.0.201812190825/tools/compiler/bin/../lib/gcc/arm-none-eabi/7.3.1/../../../../arm-none-eabi/lib/thumb/v7e-m/fpv4-sp/hard/libc_nano.a(lib_a-nano-reallocr.o)
 .debug_frame   0x0000000000001e2c       0x2c /Users/amanbm/.p2/pool/plugins/fr.ac6.mcu.externaltools.arm-none.macos64_1.17.0.201812190825/tools/compiler/bin/../lib/gcc/arm-none-eabi/7.3.1/../../../../arm-none-eabi/lib/thumb/v7e-m/fpv4-sp/hard/libc_nano.a(lib_a-sbrkr.o)
 .debug_frame   0x0000000000001e58       0x30 /Users/amanbm/.p2/pool/plugins/fr.ac6.mcu.externaltools.arm-none.macos64_1.17.0.201812190825/tools/compiler/bin/../lib/gcc/arm-none-eabi/7.3.1/../../../../arm-none-eabi/lib/thumb/v7e-m/fpv4-sp/hard/libc_nano.a(lib_a-mlock.o)
 .debug_frame   0x0000000000001e88       0x20 /Users/amanbm/.p2/pool/plugins/fr.ac6.mcu.externaltools.arm-none.macos64_1.17.0.201812190825/tools/compiler/bin/../lib/gcc/arm-none-eabi/7.3.1/../../../../arm-none-eabi/lib/thumb/v7e-m/fpv4-sp/hard/libc_nano.a(lib_a-nano-msizer.o)
 .debug_frame   0x0000000000001ea8       0x5c /Users/amanbm/.p2/pool/plugins/fr.ac6.mcu.externaltools.arm-none.macos64_1.17.0.201812190825/tools/compiler/bin/../lib/gcc/arm-none-eabi/7.3.1/../../../../arm-none-eabi/lib/thumb/v7e-m/fpv4-sp/hard/libc_nano.a(lib_a-reent.o)
